\BOOKMARK [1][-]{section*.1}{\376\377\000=\000D\000i\000f\000f\000e\000r\000e\000n\000t\000i\000a\000l}{}% 1
\BOOKMARK [2][-]{subsection*.2}{\376\377\000\040\000=\000S\000t\000e\000t\000i\000g\000k\000e\000i\000t\000\040}{section*.1}% 2
\BOOKMARK [2][-]{subsection*.3}{\376\377\000\040\000=\000L\000i\000m\000i\000t\000s\000\040}{section*.1}% 3
\BOOKMARK [2][-]{subsection*.4}{\376\377\000\040\000=\000S\000e\000t\000s\000\040}{section*.1}% 4
\BOOKMARK [2][-]{subsection*.5}{\376\377\000\040\000=\000P\000a\000r\000t\000i\000e\000l\000l\000e\000\040\000A\000b\000l\000e\000i\000t\000u\000n\000g\000\040}{section*.1}% 5
\BOOKMARK [2][-]{subsection*.6}{\376\377\000\040\000=\000D\000i\000f\000f\000e\000r\000e\000n\000t\000i\000a\000l\000\040}{section*.1}% 6
\BOOKMARK [2][-]{subsection*.7}{\376\377\000\040\000=\000H\000\366\000h\000e\000r\000e\000\040\000A\000b\000l\000e\000i\000t\000u\000n\000g\000e\000n\000\040}{section*.1}% 7
\BOOKMARK [2][-]{subsection*.8}{\376\377\000\040\000=\000T\000a\000y\000l\000o\000r\000p\000o\000l\000y\000n\000o\000m\000e\000\040}{section*.1}% 8
\BOOKMARK [2][-]{subsection*.9}{\376\377\000\040\000K\000r\000i\000t\000i\000s\000c\000h\000e\000\040\000P\000u\000n\000k\000t\000e\000\040}{section*.1}% 9
\BOOKMARK [2][-]{subsection*.10}{\376\377\000\040\000U\000m\000k\000e\000h\000r\000a\000b\000b\000i\000l\000d\000u\000n\000g\000\040}{section*.1}% 10
\BOOKMARK [1][-]{section*.11}{\376\377\000=\000D\000i\000f\000f\000e\000r\000e\000n\000t\000i\000a\000l\000g\000l\000e\000i\000c\000h\000u\000n\000g\000e\000n}{}% 11
\BOOKMARK [2][-]{subsection*.12}{\376\377\000\040\000=\000L\000\366\000s\000u\000n\000g\000s\000m\000e\000t\000h\000o\000d\000e\000n\000\040}{section*.11}% 12
\BOOKMARK [2][-]{subsection*.13}{\376\377\000\040\000=\000D\000e\000f\000i\000n\000i\000t\000i\000o\000n\000e\000n\000\040\000\046\000\040\000T\000h\000e\000o\000r\000e\000m\000e\000\040}{section*.11}% 13
\BOOKMARK [1][-]{section*.14}{\376\377\000=\000I\000n\000t\000e\000g\000r\000a\000l}{}% 14
\BOOKMARK [2][-]{subsection*.15}{\376\377\000\040\000=\000W\000e\000g\000i\000n\000t\000e\000g\000r\000a\000l\000e\000\040}{section*.14}% 15
\BOOKMARK [2][-]{subsection*.16}{\376\377\000\040\000=\000R\000i\000e\000m\000a\000n\000n\000\040\000I\000n\000t\000e\000g\000r\000a\000l\000\040}{section*.14}% 16
\BOOKMARK [2][-]{subsection*.17}{\376\377\000\040\000=\000U\000n\000e\000i\000g\000e\000n\000t\000l\000i\000c\000h\000e\000\040\000I\000n\000t\000e\000g\000r\000a\000l\000e\000\040}{section*.14}% 17
\BOOKMARK [2][-]{subsection*.18}{\376\377\000\040\000=\000T\000r\000a\000n\000s\000f\000o\000r\000m\000a\000t\000i\000o\000n\000s\000f\000o\000r\000m\000e\000l\000\040}{section*.14}% 18
\BOOKMARK [2][-]{subsection*.19}{\376\377\000\040\000S\000c\000h\000w\000e\000r\000p\000u\000n\000k\000t\000b\000e\000r\000e\000c\000h\000n\000u\000n\000g\000\040}{section*.14}% 19
\BOOKMARK [2][-]{subsection*.20}{\376\377\000\040\000S\000a\000t\000z\000\040\000v\000o\000n\000\040\000G\000r\000e\000e\000n\000\040}{section*.14}% 20
\BOOKMARK [2][-]{subsection*.21}{\376\377\000\040\000L\000\366\000s\000u\000n\000g\000s\000m\000e\000t\000h\000o\000d\000e\000n\000\040}{section*.14}% 21
\BOOKMARK [1][-]{section*.22}{\376\377\000A\000n\000h\000a\000n\000g}{}% 22
\BOOKMARK [2][-]{subsection*.23}{\376\377\000T\000r\000i\000g\000o\000n\000o\000m\000e\000t\000r\000i\000e}{section*.22}% 23
\BOOKMARK [2][-]{subsection*.24}{\376\377\000G\000r\000e\000n\000z\000w\000e\000r\000t\000e}{section*.22}% 24
\BOOKMARK [2][-]{subsection*.25}{\376\377\000R\000e\000i\000h\000e\000n}{section*.22}% 25
\BOOKMARK [2][-]{subsection*.26}{\376\377\000A\000b\000l\000e\000i\000t\000u\000n\000g\000e\000n}{section*.22}% 26
\BOOKMARK [2][-]{subsection*.27}{\376\377\000I\000n\000d\000e\000f\000i\000n\000i\000t\000e\000\040\000I\000n\000t\000e\000g\000r\000a\000l\000e}{section*.22}% 27
\BOOKMARK [2][-]{subsection*.28}{\376\377\000M\000u\000l\000t\000i\000p\000l\000e\000\040\000C\000h\000o\000i\000c\000e}{section*.22}% 28
